{
  "DEVICE_NEIGHBOR|Ethernet2": {
    "name": "DEVICE01T1",
    "port": "Ethernet1"
  }
}